Analysis & Synthesis report for superEncriptador
Mon Oct 25 12:42:18 2021
Quartus Prime Version 20.1.1 Build 720 11/11/2020 SJ Lite Edition


---------------------
; Table of Contents ;
---------------------
  1. Legal Notice
  2. Analysis & Synthesis Summary
  3. Analysis & Synthesis Settings
  4. Parallel Compilation
  5. Analysis & Synthesis Source Files Read
  6. Analysis & Synthesis Resource Usage Summary
  7. Analysis & Synthesis Resource Utilization by Entity
  8. Registers Removed During Synthesis
  9. Removed Registers Triggering Further Register Optimizations
 10. General Register Statistics
 11. Multiplexer Restructuring Statistics (Restructuring Performed)
 12. Post-Synthesis Netlist Statistics for Top Partition
 13. Elapsed Time Per Partition
 14. Analysis & Synthesis Messages



----------------
; Legal Notice ;
----------------
Copyright (C) 2020  Intel Corporation. All rights reserved.
Your use of Intel Corporation's design tools, logic functions 
and other software and tools, and any partner logic 
functions, and any output files from any of the foregoing 
(including device programming or simulation files), and any 
associated documentation or information are expressly subject 
to the terms and conditions of the Intel Program License 
Subscription Agreement, the Intel Quartus Prime License Agreement,
the Intel FPGA IP License Agreement, or other applicable license
agreement, including, without limitation, that your use is for
the sole purpose of programming logic devices manufactured by
Intel and sold by Intel or its authorized distributors.  Please
refer to the applicable agreement for further details, at
https://fpgasoftware.intel.com/eula.



+-------------------------------------------------------------------------------+
; Analysis & Synthesis Summary                                                  ;
+---------------------------------+---------------------------------------------+
; Analysis & Synthesis Status     ; Successful - Mon Oct 25 12:42:18 2021       ;
; Quartus Prime Version           ; 20.1.1 Build 720 11/11/2020 SJ Lite Edition ;
; Revision Name                   ; superEncriptador                            ;
; Top-level Entity Name           ; superDecoder                                ;
; Family                          ; Cyclone V                                   ;
; Logic utilization (in ALMs)     ; N/A                                         ;
; Total registers                 ; 102                                         ;
; Total pins                      ; 74                                          ;
; Total virtual pins              ; 0                                           ;
; Total block memory bits         ; 0                                           ;
; Total DSP Blocks                ; 0                                           ;
; Total HSSI RX PCSs              ; 0                                           ;
; Total HSSI PMA RX Deserializers ; 0                                           ;
; Total HSSI TX PCSs              ; 0                                           ;
; Total HSSI PMA TX Serializers   ; 0                                           ;
; Total PLLs                      ; 0                                           ;
; Total DLLs                      ; 0                                           ;
+---------------------------------+---------------------------------------------+


+---------------------------------------------------------------------------------------------------------------------------+
; Analysis & Synthesis Settings                                                                                             ;
+---------------------------------------------------------------------------------+--------------------+--------------------+
; Option                                                                          ; Setting            ; Default Value      ;
+---------------------------------------------------------------------------------+--------------------+--------------------+
; Device                                                                          ; 5CSEMA5F31C6       ;                    ;
; Top-level entity name                                                           ; superDecoder       ; superEncriptador   ;
; Family name                                                                     ; Cyclone V          ; Cyclone V          ;
; Use smart compilation                                                           ; Off                ; Off                ;
; Enable parallel Assembler and Timing Analyzer during compilation                ; On                 ; On                 ;
; Enable compact report table                                                     ; Off                ; Off                ;
; Restructure Multiplexers                                                        ; Auto               ; Auto               ;
; MLAB Add Timing Constraints For Mixed-Port Feed-Through Mode Setting Don't Care ; Off                ; Off                ;
; Create Debugging Nodes for IP Cores                                             ; Off                ; Off                ;
; Preserve fewer node names                                                       ; On                 ; On                 ;
; Intel FPGA IP Evaluation Mode                                                   ; Enable             ; Enable             ;
; Verilog Version                                                                 ; Verilog_2001       ; Verilog_2001       ;
; VHDL Version                                                                    ; VHDL_1993          ; VHDL_1993          ;
; State Machine Processing                                                        ; Auto               ; Auto               ;
; Safe State Machine                                                              ; Off                ; Off                ;
; Extract Verilog State Machines                                                  ; On                 ; On                 ;
; Extract VHDL State Machines                                                     ; On                 ; On                 ;
; Ignore Verilog initial constructs                                               ; Off                ; Off                ;
; Iteration limit for constant Verilog loops                                      ; 5000               ; 5000               ;
; Iteration limit for non-constant Verilog loops                                  ; 250                ; 250                ;
; Add Pass-Through Logic to Inferred RAMs                                         ; On                 ; On                 ;
; Infer RAMs from Raw Logic                                                       ; On                 ; On                 ;
; Parallel Synthesis                                                              ; On                 ; On                 ;
; DSP Block Balancing                                                             ; Auto               ; Auto               ;
; NOT Gate Push-Back                                                              ; On                 ; On                 ;
; Power-Up Don't Care                                                             ; On                 ; On                 ;
; Remove Redundant Logic Cells                                                    ; Off                ; Off                ;
; Remove Duplicate Registers                                                      ; On                 ; On                 ;
; Ignore CARRY Buffers                                                            ; Off                ; Off                ;
; Ignore CASCADE Buffers                                                          ; Off                ; Off                ;
; Ignore GLOBAL Buffers                                                           ; Off                ; Off                ;
; Ignore ROW GLOBAL Buffers                                                       ; Off                ; Off                ;
; Ignore LCELL Buffers                                                            ; Off                ; Off                ;
; Ignore SOFT Buffers                                                             ; On                 ; On                 ;
; Limit AHDL Integers to 32 Bits                                                  ; Off                ; Off                ;
; Optimization Technique                                                          ; Balanced           ; Balanced           ;
; Carry Chain Length                                                              ; 70                 ; 70                 ;
; Auto Carry Chains                                                               ; On                 ; On                 ;
; Auto Open-Drain Pins                                                            ; On                 ; On                 ;
; Perform WYSIWYG Primitive Resynthesis                                           ; Off                ; Off                ;
; Auto ROM Replacement                                                            ; On                 ; On                 ;
; Auto RAM Replacement                                                            ; On                 ; On                 ;
; Auto DSP Block Replacement                                                      ; On                 ; On                 ;
; Auto Shift Register Replacement                                                 ; Auto               ; Auto               ;
; Allow Shift Register Merging across Hierarchies                                 ; Auto               ; Auto               ;
; Auto Clock Enable Replacement                                                   ; On                 ; On                 ;
; Strict RAM Replacement                                                          ; Off                ; Off                ;
; Allow Synchronous Control Signals                                               ; On                 ; On                 ;
; Force Use of Synchronous Clear Signals                                          ; Off                ; Off                ;
; Auto Resource Sharing                                                           ; Off                ; Off                ;
; Allow Any RAM Size For Recognition                                              ; Off                ; Off                ;
; Allow Any ROM Size For Recognition                                              ; Off                ; Off                ;
; Allow Any Shift Register Size For Recognition                                   ; Off                ; Off                ;
; Use LogicLock Constraints during Resource Balancing                             ; On                 ; On                 ;
; Ignore translate_off and synthesis_off directives                               ; Off                ; Off                ;
; Timing-Driven Synthesis                                                         ; On                 ; On                 ;
; Report Parameter Settings                                                       ; On                 ; On                 ;
; Report Source Assignments                                                       ; On                 ; On                 ;
; Report Connectivity Checks                                                      ; On                 ; On                 ;
; Ignore Maximum Fan-Out Assignments                                              ; Off                ; Off                ;
; Synchronization Register Chain Length                                           ; 3                  ; 3                  ;
; Power Optimization During Synthesis                                             ; Normal compilation ; Normal compilation ;
; HDL message level                                                               ; Level2             ; Level2             ;
; Suppress Register Optimization Related Messages                                 ; Off                ; Off                ;
; Number of Removed Registers Reported in Synthesis Report                        ; 5000               ; 5000               ;
; Number of Swept Nodes Reported in Synthesis Report                              ; 5000               ; 5000               ;
; Number of Inverted Registers Reported in Synthesis Report                       ; 100                ; 100                ;
; Clock MUX Protection                                                            ; On                 ; On                 ;
; Auto Gated Clock Conversion                                                     ; Off                ; Off                ;
; Block Design Naming                                                             ; Auto               ; Auto               ;
; SDC constraint protection                                                       ; Off                ; Off                ;
; Synthesis Effort                                                                ; Auto               ; Auto               ;
; Shift Register Replacement - Allow Asynchronous Clear Signal                    ; On                 ; On                 ;
; Pre-Mapping Resynthesis Optimization                                            ; Off                ; Off                ;
; Analysis & Synthesis Message Level                                              ; Medium             ; Medium             ;
; Disable Register Merging Across Hierarchies                                     ; Auto               ; Auto               ;
; Resource Aware Inference For Block RAM                                          ; On                 ; On                 ;
; Automatic Parallel Synthesis                                                    ; On                 ; On                 ;
; Partial Reconfiguration Bitstream ID                                            ; Off                ; Off                ;
+---------------------------------------------------------------------------------+--------------------+--------------------+


+------------------------------------------+
; Parallel Compilation                     ;
+----------------------------+-------------+
; Processors                 ; Number      ;
+----------------------------+-------------+
; Number detected on machine ; 16          ;
; Maximum allowed            ; 16          ;
;                            ;             ;
; Average used               ; 1.00        ;
; Maximum used               ; 16          ;
;                            ;             ;
; Usage by Processor         ; % Time Used ;
;     Processor 1            ; 100.0%      ;
;     Processors 2-16        ;   0.0%      ;
+----------------------------+-------------+


+-------------------------------------------------------------------------------------------------------------------------------------+
; Analysis & Synthesis Source Files Read                                                                                              ;
+----------------------------------+-----------------+------------------------------+---------------------------------------+---------+
; File Name with User-Entered Path ; Used in Netlist ; File Type                    ; File Name with Absolute Path          ; Library ;
+----------------------------------+-----------------+------------------------------+---------------------------------------+---------+
; superDecoder.sv                  ; yes             ; User SystemVerilog HDL File  ; G:/superEncriptador4k/superDecoder.sv ;         ;
+----------------------------------+-----------------+------------------------------+---------------------------------------+---------+


+---------------------------------------------------------+
; Analysis & Synthesis Resource Usage Summary             ;
+---------------------------------------------+-----------+
; Resource                                    ; Usage     ;
+---------------------------------------------+-----------+
; Estimate of Logic utilization (ALMs needed) ; 53        ;
;                                             ;           ;
; Combinational ALUT usage for logic          ; 42        ;
;     -- 7 input functions                    ; 0         ;
;     -- 6 input functions                    ; 6         ;
;     -- 5 input functions                    ; 19        ;
;     -- 4 input functions                    ; 15        ;
;     -- <=3 input functions                  ; 2         ;
;                                             ;           ;
; Dedicated logic registers                   ; 102       ;
;                                             ;           ;
; I/O pins                                    ; 74        ;
;                                             ;           ;
; Total DSP Blocks                            ; 0         ;
;                                             ;           ;
; Maximum fan-out node                        ; clk~input ;
; Maximum fan-out                             ; 102       ;
; Total fan-out                               ; 560       ;
; Average fan-out                             ; 1.92      ;
+---------------------------------------------+-----------+


+-----------------------------------------------------------------------------------------------------------------------------------------------------------------------------------------+
; Analysis & Synthesis Resource Utilization by Entity                                                                                                                                     ;
+----------------------------+---------------------+---------------------------+-------------------+------------+------+--------------+---------------------+--------------+--------------+
; Compilation Hierarchy Node ; Combinational ALUTs ; Dedicated Logic Registers ; Block Memory Bits ; DSP Blocks ; Pins ; Virtual Pins ; Full Hierarchy Name ; Entity Name  ; Library Name ;
+----------------------------+---------------------+---------------------------+-------------------+------------+------+--------------+---------------------+--------------+--------------+
; |superDecoder              ; 42 (42)             ; 102 (102)                 ; 0                 ; 0          ; 74   ; 0            ; |superDecoder       ; superDecoder ; work         ;
+----------------------------+---------------------+---------------------------+-------------------+------------+------+--------------+---------------------+--------------+--------------+
Note: For table entries with two numbers listed, the numbers in parentheses indicate the number of resources of the given type used by the specific entity alone. The numbers listed outside of parentheses indicate the total resources of the given type used by the specific entity and all of its sub-entities in the hierarchy.


+---------------------------------------------------------------------------------+
; Registers Removed During Synthesis                                              ;
+----------------------------------------+----------------------------------------+
; Register name                          ; Reason for Removal                     ;
+----------------------------------------+----------------------------------------+
; vOper2[1]~reg0                         ; Stuck at GND due to stuck port data_in ;
; vOper2[0]~reg0                         ; Stuck at GND due to stuck port data_in ;
; ImmOutAux[5..7]                        ; Stuck at GND due to stuck port data_in ;
; flagNopAux                             ; Stuck at GND due to stuck port data_in ;
; flagNop~reg0                           ; Stuck at GND due to stuck port data_in ;
; ImmOut[7]~reg0                         ; Stuck at GND due to stuck port data_in ;
; ImmOut[6]~reg0                         ; Stuck at GND due to stuck port data_in ;
; ImmOut[5]~reg0                         ; Stuck at GND due to stuck port data_in ;
; Total Number of Removed Registers = 10 ;                                        ;
+----------------------------------------+----------------------------------------+


+------------------------------------------------------------------------------------+
; Removed Registers Triggering Further Register Optimizations                        ;
+---------------+---------------------------+----------------------------------------+
; Register name ; Reason for Removal        ; Registers Removed due to This Register ;
+---------------+---------------------------+----------------------------------------+
; ImmOutAux[5]  ; Stuck at GND              ; ImmOut[5]~reg0                         ;
;               ; due to stuck port data_in ;                                        ;
; ImmOutAux[6]  ; Stuck at GND              ; ImmOut[6]~reg0                         ;
;               ; due to stuck port data_in ;                                        ;
; ImmOutAux[7]  ; Stuck at GND              ; ImmOut[7]~reg0                         ;
;               ; due to stuck port data_in ;                                        ;
; flagNopAux    ; Stuck at GND              ; flagNop~reg0                           ;
;               ; due to stuck port data_in ;                                        ;
+---------------+---------------------------+----------------------------------------+


+------------------------------------------------------+
; General Register Statistics                          ;
+----------------------------------------------+-------+
; Statistic                                    ; Value ;
+----------------------------------------------+-------+
; Total registers                              ; 102   ;
; Number of registers using Synchronous Clear  ; 0     ;
; Number of registers using Synchronous Load   ; 0     ;
; Number of registers using Asynchronous Clear ; 0     ;
; Number of registers using Asynchronous Load  ; 0     ;
; Number of registers using Clock Enable       ; 35    ;
; Number of registers using Preset             ; 0     ;
+----------------------------------------------+-------+


+--------------------------------------------------------------------------------------------------------------------------------------------+
; Multiplexer Restructuring Statistics (Restructuring Performed)                                                                             ;
+--------------------+-----------+---------------+----------------------+------------------------+------------+------------------------------+
; Multiplexer Inputs ; Bus Width ; Baseline Area ; Area if Restructured ; Saving if Restructured ; Registered ; Example Multiplexer Output   ;
+--------------------+-----------+---------------+----------------------+------------------------+------------+------------------------------+
; 3:1                ; 4 bits    ; 8 LEs         ; 4 LEs                ; 4 LEs                  ; Yes        ; |superDecoder|intOper2Aux[0] ;
; 3:1                ; 3 bits    ; 6 LEs         ; 3 LEs                ; 3 LEs                  ; Yes        ; |superDecoder|ImmOutAux[0]   ;
; 4:1                ; 2 bits    ; 4 LEs         ; 4 LEs                ; 0 LEs                  ; Yes        ; |superDecoder|vRegDestAux[0] ;
; 4:1                ; 2 bits    ; 4 LEs         ; 4 LEs                ; 0 LEs                  ; Yes        ; |superDecoder|vOper1Aux[0]   ;
; 4:1                ; 4 bits    ; 8 LEs         ; 8 LEs                ; 0 LEs                  ; Yes        ; |superDecoder|intOper1Aux[0] ;
+--------------------+-----------+---------------+----------------------+------------------------+------------+------------------------------+


+-----------------------------------------------------+
; Post-Synthesis Netlist Statistics for Top Partition ;
+-----------------------+-----------------------------+
; Type                  ; Count                       ;
+-----------------------+-----------------------------+
; arriav_ff             ; 102                         ;
;     ENA               ; 35                          ;
;     plain             ; 67                          ;
; arriav_lcell_comb     ; 43                          ;
;     normal            ; 43                          ;
;         0 data inputs ; 1                           ;
;         2 data inputs ; 1                           ;
;         3 data inputs ; 1                           ;
;         4 data inputs ; 15                          ;
;         5 data inputs ; 19                          ;
;         6 data inputs ; 6                           ;
; boundary_port         ; 74                          ;
;                       ;                             ;
; Max LUT depth         ; 2.00                        ;
; Average LUT depth     ; 0.56                        ;
+-----------------------+-----------------------------+


+-------------------------------+
; Elapsed Time Per Partition    ;
+----------------+--------------+
; Partition Name ; Elapsed Time ;
+----------------+--------------+
; Top            ; 00:00:00     ;
+----------------+--------------+


+-------------------------------+
; Analysis & Synthesis Messages ;
+-------------------------------+
Info: *******************************************************************
Info: Running Quartus Prime Analysis & Synthesis
    Info: Version 20.1.1 Build 720 11/11/2020 SJ Lite Edition
    Info: Processing started: Mon Oct 25 12:42:12 2021
Info: Command: quartus_map --read_settings_files=on --write_settings_files=off superEncriptador -c superEncriptador
Warning (18236): Number of processors has not been specified which may cause overloading on shared machines.  Set the global assignment NUM_PARALLEL_PROCESSORS in your QSF to an appropriate value for best performance.
Info (20032): Parallel compilation is enabled and will use up to 16 processors
Info (12021): Found 1 design units, including 1 entities, in source file tbexecute.sv
    Info (12023): Found entity 1: tbExecute File: G:/superEncriptador4k/tbExecute.sv Line: 1
Info (12021): Found 1 design units, including 1 entities, in source file estage.sv
    Info (12023): Found entity 1: eStage File: G:/superEncriptador4k/eStage.sv Line: 1
Info (12021): Found 1 design units, including 1 entities, in source file epipe.sv
    Info (12023): Found entity 1: ePipe File: G:/superEncriptador4k/ePipe.sv Line: 1
Info (12021): Found 1 design units, including 1 entities, in source file dstage.sv
    Info (12023): Found entity 1: dStage File: G:/superEncriptador4k/dStage.sv Line: 1
Info (12021): Found 1 design units, including 1 entities, in source file dregisterfile.sv
    Info (12023): Found entity 1: dRegisterFile File: G:/superEncriptador4k/dRegisterFile.sv Line: 1
Info (12021): Found 1 design units, including 1 entities, in source file dpipe.sv
    Info (12023): Found entity 1: dPipe File: G:/superEncriptador4k/dPipe.sv Line: 1
Info (12021): Found 1 design units, including 1 entities, in source file components/imem.sv
    Info (12023): Found entity 1: imem File: G:/superEncriptador4k/components/imem.sv Line: 1
Info (12021): Found 1 design units, including 1 entities, in source file components/flip_flop.sv
    Info (12023): Found entity 1: flip_flop File: G:/superEncriptador4k/components/flip_flop.sv Line: 1
Info (12021): Found 1 design units, including 1 entities, in source file fstage.sv
    Info (12023): Found entity 1: fStage File: G:/superEncriptador4k/fStage.sv Line: 1
Info (12021): Found 1 design units, including 1 entities, in source file fpipe.sv
    Info (12023): Found entity 1: fPipe File: G:/superEncriptador4k/fPipe.sv Line: 1
Info (12021): Found 1 design units, including 1 entities, in source file fipipe.sv
    Info (12023): Found entity 1: fiPipe File: G:/superEncriptador4k/fiPipe.sv Line: 1
Info (12021): Found 1 design units, including 1 entities, in source file tbfetch.sv
    Info (12023): Found entity 1: tbFetch File: G:/superEncriptador4k/tbFetch.sv Line: 1
Info (12021): Found 1 design units, including 1 entities, in source file components/xor_gate.sv
    Info (12023): Found entity 1: xor_gate File: G:/superEncriptador4k/components/xor_gate.sv Line: 11
Info (12021): Found 1 design units, including 1 entities, in source file components/shift_right_gate.sv
    Info (12023): Found entity 1: shift_right_gate File: G:/superEncriptador4k/components/shift_right_gate.sv Line: 11
Info (12021): Found 1 design units, including 1 entities, in source file components/shif_left_gate.sv
    Info (12023): Found entity 1: shift_left_gate File: G:/superEncriptador4k/components/shif_left_gate.sv Line: 11
Info (12021): Found 1 design units, including 1 entities, in source file components/or_gate.sv
    Info (12023): Found entity 1: or_gate File: G:/superEncriptador4k/components/or_gate.sv Line: 11
Info (12021): Found 1 design units, including 1 entities, in source file components/one_bit_half_adder.sv
    Info (12023): Found entity 1: one_bit_half_adder File: G:/superEncriptador4k/components/one_bit_half_adder.sv Line: 11
Info (12021): Found 1 design units, including 1 entities, in source file components/one_bit_full_adder.sv
    Info (12023): Found entity 1: one_bit_full_adder File: G:/superEncriptador4k/components/one_bit_full_adder.sv Line: 11
Info (12021): Found 1 design units, including 1 entities, in source file components/not_gate.sv
    Info (12023): Found entity 1: not_gate File: G:/superEncriptador4k/components/not_gate.sv Line: 9
Info (12021): Found 1 design units, including 1 entities, in source file components/mux2.sv
    Info (12023): Found entity 1: mux2 File: G:/superEncriptador4k/components/mux2.sv Line: 11
Info (12021): Found 1 design units, including 1 entities, in source file components/mux_four.sv
    Info (12023): Found entity 1: mux_four File: G:/superEncriptador4k/components/mux_four.sv Line: 11
Info (12021): Found 1 design units, including 1 entities, in source file components/mux_eight.sv
    Info (12023): Found entity 1: mux_eight File: G:/superEncriptador4k/components/mux_eight.sv Line: 11
Info (12021): Found 1 design units, including 1 entities, in source file components/and_gate.sv
    Info (12023): Found entity 1: and_gate File: G:/superEncriptador4k/components/and_gate.sv Line: 11
Info (12021): Found 1 design units, including 1 entities, in source file components/alu.sv
    Info (12023): Found entity 1: alu File: G:/superEncriptador4k/components/alu.sv Line: 11
Info (12021): Found 1 design units, including 1 entities, in source file components/adder_substractor.sv
    Info (12023): Found entity 1: adder_substractor File: G:/superEncriptador4k/components/adder_substractor.sv Line: 11
Info (12021): Found 1 design units, including 1 entities, in source file components/adder.sv
    Info (12023): Found entity 1: adder File: G:/superEncriptador4k/components/adder.sv Line: 1
Info (12021): Found 1 design units, including 1 entities, in source file tbdecoder.sv
    Info (12023): Found entity 1: tbDecoder File: G:/superEncriptador4k/tbDecoder.sv Line: 1
Warning (10229): Verilog HDL Expression warning at superEncriptador.sv(115): truncated literal to match 7 bits File: G:/superEncriptador4k/superEncriptador.sv Line: 115
Info (12021): Found 1 design units, including 1 entities, in source file superencriptador.sv
    Info (12023): Found entity 1: superEncriptador File: G:/superEncriptador4k/superEncriptador.sv Line: 1
Info (12021): Found 1 design units, including 1 entities, in source file romxor.v
    Info (12023): Found entity 1: romXor File: G:/superEncriptador4k/romXor.v Line: 40
Info (12021): Found 1 design units, including 1 entities, in source file romshift.v
    Info (12023): Found entity 1: romShift File: G:/superEncriptador4k/romShift.v Line: 40
Info (12021): Found 1 design units, including 1 entities, in source file romswap.v
    Info (12023): Found entity 1: romSwap File: G:/superEncriptador4k/romSwap.v Line: 40
Info (12021): Found 1 design units, including 1 entities, in source file romdecxor.v
    Info (12023): Found entity 1: romDecXor File: G:/superEncriptador4k/romDecXor.v Line: 40
Info (12021): Found 1 design units, including 1 entities, in source file romdecshift.v
    Info (12023): Found entity 1: romDecShift File: G:/superEncriptador4k/romDecShift.v Line: 40
Info (12021): Found 1 design units, including 1 entities, in source file romdecswap.v
    Info (12023): Found entity 1: romDecSwap File: G:/superEncriptador4k/romDecSwap.v Line: 40
Info (12021): Found 1 design units, including 1 entities, in source file ram.v
    Info (12023): Found entity 1: ram File: G:/superEncriptador4k/ram.v Line: 40
Info (12021): Found 2 design units, including 2 entities, in source file vregisterfile.sv
    Info (12023): Found entity 1: vRegisterFile File: G:/superEncriptador4k/vRegisterFile.sv Line: 1
    Info (12023): Found entity 2: vREgTB File: G:/superEncriptador4k/vRegisterFile.sv Line: 23
Info (12021): Found 2 design units, including 2 entities, in source file valublock.sv
    Info (12023): Found entity 1: vAluBlock File: G:/superEncriptador4k/vAluBlock.sv Line: 1
    Info (12023): Found entity 2: vAluTest File: G:/superEncriptador4k/vAluBlock.sv Line: 43
Info (12021): Found 2 design units, including 2 entities, in source file superdecoder.sv
    Info (12023): Found entity 1: superDecoder File: G:/superEncriptador4k/superDecoder.sv Line: 1
    Info (12023): Found entity 2: decoderTB File: G:/superEncriptador4k/superDecoder.sv Line: 345
Warning (10236): Verilog HDL Implicit Net warning at vAluBlock.sv(26): created implicit net for "x" File: G:/superEncriptador4k/vAluBlock.sv Line: 26
Info (12127): Elaborating entity "superDecoder" for the top level hierarchy
Warning (10036): Verilog HDL or VHDL warning at superDecoder.sv(80): object "condGT" assigned a value but never read File: G:/superEncriptador4k/superDecoder.sv Line: 80
Warning (10036): Verilog HDL or VHDL warning at superDecoder.sv(82): object "condNE" assigned a value but never read File: G:/superEncriptador4k/superDecoder.sv Line: 82
Warning (13024): Output pins are stuck at VCC or GND
    Warning (13410): Pin "vOper2[0]" is stuck at GND File: G:/superEncriptador4k/superDecoder.sv Line: 318
    Warning (13410): Pin "vOper2[1]" is stuck at GND File: G:/superEncriptador4k/superDecoder.sv Line: 318
    Warning (13410): Pin "ImmOut[5]" is stuck at GND File: G:/superEncriptador4k/superDecoder.sv Line: 318
    Warning (13410): Pin "ImmOut[6]" is stuck at GND File: G:/superEncriptador4k/superDecoder.sv Line: 318
    Warning (13410): Pin "ImmOut[7]" is stuck at GND File: G:/superEncriptador4k/superDecoder.sv Line: 318
    Warning (13410): Pin "flagNop" is stuck at GND File: G:/superEncriptador4k/superDecoder.sv Line: 30
Info (286030): Timing-Driven Synthesis is running
Info (16010): Generating hard_block partition "hard_block:auto_generated_inst"
    Info (16011): Adding 0 node(s), including 0 DDIO, 0 PLL, 0 transceiver and 0 LCELL
Info (21057): Implemented 189 device resources after synthesis - the final resource count might be different
    Info (21058): Implemented 17 input pins
    Info (21059): Implemented 57 output pins
    Info (21061): Implemented 115 logic cells
Info: Quartus Prime Analysis & Synthesis was successful. 0 errors, 12 warnings
    Info: Peak virtual memory: 4881 megabytes
    Info: Processing ended: Mon Oct 25 12:42:18 2021
    Info: Elapsed time: 00:00:06
    Info: Total CPU time (on all processors): 00:00:15


